// Jest Snapshot v1, https://goo.gl/fbAQLP

exports[`renders correctly 1`] = `
<div
  className="AppBody"
>
  <nav>
    <h1
      data-testid="navBar-header"
    >
      Math Magicians
    </h1>
    <div
      className="rightNav"
      data-testid="navBar-test"
    >
      <div>
        <a
          href="/"
        >
          Home
        </a>
      </div>
      <div>
        <a
          href="/calculator"
        >
          Calculator
        </a>
      </div>
      <div>
        <a
          href="/quote"
        >
          Quotes
        </a>
      </div>
    </div>
  </nav>
  <h3
    data-testid="home-test"
  >
    Welcome to our page!
  </h3>
  <p
    data-testid="home-para-test"
  >
    Lorem ipsum dolor sit amet, consectetur adipisicing elit, sed do eiusmod tempor incididunt ut labore et dolore magna aliqua. Utenim ad minim veniam, quis nostrud exercitation ullamco laboris nisi ut aliquip ex ea commodo consequat. Duis aute irure dolor inreprehenderit in voluptate velit esse cillum dolore eu fugiat nulla pariatur. Excepteur sint occaecat cupidatat non proident, sunt in culpa qui o!cia deserunt mollit anim id est laborum. Ipsu
  </p>
  <br />
  <p>
    Lorem ipsum dolor sit amet, consectetur adipisicing elit, sed do eiusmod tempor incididunt ut labore et dolore magna aliqua. Utenim ad minim veniam, quis nostrud exercitation ullamco laboris nisi ut aliquip ex ea commodo consequat. Duis aute irure dolor inreprehenderit in voluptate velit esse cillum dolore eu fugiat nulla pariatur. Excepteur sint occaecat cupidatat non proident, sunt in culpa qui o!cia deserunt mollit anim id est laborum. Ipsu
  </p>
</div>
`;
